// Jest Snapshot v1, https://goo.gl/fbAQLP

exports[`AdminCenterDetails Component AdminCenterDetails form  should render self it should render for dumb component for center available 1`] = `
<div
  className=" panel center-details"
  id="center-details"
>
  <div
    className="container event-details"
  >
    <div
      className="row"
    >
      <div
        className=" event"
      >
        <div
          className="card mb-3"
        >
          <img
            alt="Card image cap"
            className="card-img-top img-fluid"
            height="300px"
          />
          <div
            className="card-block"
          >
            <h5
              className="card-title"
            >
              <b />
            </h5>
            <p
              className="card-text"
            />
            <p
              className="card-text"
            >
              <b>
                Capacity: 
                 seats
              </b>
            </p>
            <p
              className="card-text"
            >
              <b>
                Facilities: 
              </b>
            </p>
            <p
              className="card-text"
            >
              <b>
                Address: 
              </b>
            </p>
            <p
              className="card-text"
            >
              <b>
                Price: ₦
              </b>
            </p>
            <p
              className="card-text"
            >
              <b>
                Availability: 
                Center is Available
              </b>
            </p>
          </div>
        </div>
        <div
          className="row venue-date"
        >
          <div
            className="container"
          >
            <Location
              location="undefined, undefined"
            />
          </div>
        </div>
      </div>
    </div>
  </div>
</div>
`;

exports[`AdminCenterDetails Component AdminCenterDetails form  should render self it should render for dumb component for center not available 1`] = `
<div
  className=" panel center-details"
  id="center-details"
>
  <div
    className="container event-details"
  >
    <div
      className="row"
    >
      <div
        className=" event"
      >
        <div
          className="card mb-3"
        >
          <img
            alt="Card image cap"
            className="card-img-top img-fluid"
            height="300px"
          />
          <div
            className="card-block"
          >
            <h5
              className="card-title"
            >
              <b />
            </h5>
            <p
              className="card-text"
            />
            <p
              className="card-text"
            >
              <b>
                Capacity: 
                 seats
              </b>
            </p>
            <p
              className="card-text"
            >
              <b>
                Facilities: 
              </b>
            </p>
            <p
              className="card-text"
            >
              <b>
                Address: 
              </b>
            </p>
            <p
              className="card-text"
            >
              <b>
                Price: ₦
              </b>
            </p>
            <p
              className="card-text"
            >
              <b>
                Availability: 
                Not Available
              </b>
            </p>
          </div>
        </div>
        <div
          className="row venue-date"
        >
          <div
            className="container"
          >
            <Location
              location="undefined, undefined"
            />
          </div>
        </div>
      </div>
    </div>
  </div>
</div>
`;
