// Jest Snapshot v1, https://goo.gl/fbAQLP

exports[`AdminEvent Component it should render component shallow 1`] = `
<Router
  history={
    Object {
      "action": "POP",
      "block": [Function],
      "createHref": [Function],
      "go": [Function],
      "goBack": [Function],
      "goForward": [Function],
      "length": 1,
      "listen": [Function],
      "location": Object {
        "hash": "",
        "pathname": "blank",
        "search": "",
        "state": undefined,
      },
      "push": [Function],
      "replace": [Function],
    }
  }
>
  <AdminEvent
    event={
      Object {
        "date": "",
        "description": "",
        "id": "1",
        "location": "",
        "status": "true",
        "time": "",
        "title": "",
      }
    }
    show={[Function]}
  />
</Router>
`;
