// Jest Snapshot v1, https://goo.gl/fbAQLP

exports[`Allcenters Component Allcenters form  should render self it should render for dumb component 1`] = `""`;
