// Jest Snapshot v1, https://goo.gl/fbAQLP

exports[`EventDetails Component EventDetails form  should render self it should render for dumb component 1`] = `
<Router
  history={
    Object {
      "action": "POP",
      "block": [Function],
      "createHref": [Function],
      "go": [Function],
      "goBack": [Function],
      "goForward": [Function],
      "length": 1,
      "listen": [Function],
      "location": Object {
        "hash": "",
        "pathname": "blank",
        "search": "",
        "state": undefined,
      },
      "push": [Function],
      "replace": [Function],
    }
  }
>
  <EventDetails
    centerId="1"
    dispatch={[Function]}
    event={
      Object {
        "Center": Array [],
        "date": "2020-01-01",
        "description": "",
        "id": "1",
        "image": "",
        "location": "",
        "time": "5:00",
        "title": "Seminar",
      }
    }
    match={
      Object {
        "params": Object {
          "id": "1",
        },
      }
    }
  />
</Router>
`;
