// Jest Snapshot v1, https://goo.gl/fbAQLP

exports[`Pagination component should render self it should render for Pagination component 1`] = `undefined`;
